Archive member included to satisfy reference by file (symbol)

c:/programy_elektronika/st/stm32cubeide_1.10.0/stm32cubeide/plugins/com.st.stm32cube.ide.mcu.externaltools.gnu-tools-for-stm32.10.3-2021.10.win32_1.0.0.202111181127/tools/bin/../lib/gcc/arm-none-eabi/10.3.1/../../../../arm-none-eabi/lib/thumb/v7e-m+fp/hard\libc_nano.a(lib_a-errno.o)
                              ./Core/Src/syscalls.o (__errno)
c:/programy_elektronika/st/stm32cubeide_1.10.0/stm32cubeide/plugins/com.st.stm32cube.ide.mcu.externaltools.gnu-tools-for-stm32.10.3-2021.10.win32_1.0.0.202111181127/tools/bin/../lib/gcc/arm-none-eabi/10.3.1/../../../../arm-none-eabi/lib/thumb/v7e-m+fp/hard\libc_nano.a(lib_a-exit.o)
                              c:/programy_elektronika/st/stm32cubeide_1.10.0/stm32cubeide/plugins/com.st.stm32cube.ide.mcu.externaltools.gnu-tools-for-stm32.10.3-2021.10.win32_1.0.0.202111181127/tools/bin/../lib/gcc/arm-none-eabi/10.3.1/../../../../arm-none-eabi/lib/thumb/v7e-m+fp/hard/crt0.o (exit)
c:/programy_elektronika/st/stm32cubeide_1.10.0/stm32cubeide/plugins/com.st.stm32cube.ide.mcu.externaltools.gnu-tools-for-stm32.10.3-2021.10.win32_1.0.0.202111181127/tools/bin/../lib/gcc/arm-none-eabi/10.3.1/../../../../arm-none-eabi/lib/thumb/v7e-m+fp/hard\libc_nano.a(lib_a-impure.o)
                              c:/programy_elektronika/st/stm32cubeide_1.10.0/stm32cubeide/plugins/com.st.stm32cube.ide.mcu.externaltools.gnu-tools-for-stm32.10.3-2021.10.win32_1.0.0.202111181127/tools/bin/../lib/gcc/arm-none-eabi/10.3.1/../../../../arm-none-eabi/lib/thumb/v7e-m+fp/hard\libc_nano.a(lib_a-exit.o) (_global_impure_ptr)
c:/programy_elektronika/st/stm32cubeide_1.10.0/stm32cubeide/plugins/com.st.stm32cube.ide.mcu.externaltools.gnu-tools-for-stm32.10.3-2021.10.win32_1.0.0.202111181127/tools/bin/../lib/gcc/arm-none-eabi/10.3.1/../../../../arm-none-eabi/lib/thumb/v7e-m+fp/hard\libc_nano.a(lib_a-init.o)
                              c:/programy_elektronika/st/stm32cubeide_1.10.0/stm32cubeide/plugins/com.st.stm32cube.ide.mcu.externaltools.gnu-tools-for-stm32.10.3-2021.10.win32_1.0.0.202111181127/tools/bin/../lib/gcc/arm-none-eabi/10.3.1/../../../../arm-none-eabi/lib/thumb/v7e-m+fp/hard/crt0.o (__libc_init_array)
c:/programy_elektronika/st/stm32cubeide_1.10.0/stm32cubeide/plugins/com.st.stm32cube.ide.mcu.externaltools.gnu-tools-for-stm32.10.3-2021.10.win32_1.0.0.202111181127/tools/bin/../lib/gcc/arm-none-eabi/10.3.1/../../../../arm-none-eabi/lib/thumb/v7e-m+fp/hard\libc_nano.a(lib_a-memset.o)
                              c:/programy_elektronika/st/stm32cubeide_1.10.0/stm32cubeide/plugins/com.st.stm32cube.ide.mcu.externaltools.gnu-tools-for-stm32.10.3-2021.10.win32_1.0.0.202111181127/tools/bin/../lib/gcc/arm-none-eabi/10.3.1/../../../../arm-none-eabi/lib/thumb/v7e-m+fp/hard/crt0.o (memset)
c:/programy_elektronika/st/stm32cubeide_1.10.0/stm32cubeide/plugins/com.st.stm32cube.ide.mcu.externaltools.gnu-tools-for-stm32.10.3-2021.10.win32_1.0.0.202111181127/tools/bin/../lib/gcc/arm-none-eabi/10.3.1/thumb/v7e-m+fp/hard\libgcc.a(_aeabi_uldivmod.o)
                              ./Drivers/STM32L4xx_HAL_Driver/Src/stm32l4xx_hal_uart.o (__aeabi_uldivmod)
c:/programy_elektronika/st/stm32cubeide_1.10.0/stm32cubeide/plugins/com.st.stm32cube.ide.mcu.externaltools.gnu-tools-for-stm32.10.3-2021.10.win32_1.0.0.202111181127/tools/bin/../lib/gcc/arm-none-eabi/10.3.1/thumb/v7e-m+fp/hard\libgcc.a(_udivmoddi4.o)
                              c:/programy_elektronika/st/stm32cubeide_1.10.0/stm32cubeide/plugins/com.st.stm32cube.ide.mcu.externaltools.gnu-tools-for-stm32.10.3-2021.10.win32_1.0.0.202111181127/tools/bin/../lib/gcc/arm-none-eabi/10.3.1/thumb/v7e-m+fp/hard\libgcc.a(_aeabi_uldivmod.o) (__udivmoddi4)
c:/programy_elektronika/st/stm32cubeide_1.10.0/stm32cubeide/plugins/com.st.stm32cube.ide.mcu.externaltools.gnu-tools-for-stm32.10.3-2021.10.win32_1.0.0.202111181127/tools/bin/../lib/gcc/arm-none-eabi/10.3.1/thumb/v7e-m+fp/hard\libgcc.a(_dvmd_tls.o)
                              c:/programy_elektronika/st/stm32cubeide_1.10.0/stm32cubeide/plugins/com.st.stm32cube.ide.mcu.externaltools.gnu-tools-for-stm32.10.3-2021.10.win32_1.0.0.202111181127/tools/bin/../lib/gcc/arm-none-eabi/10.3.1/thumb/v7e-m+fp/hard\libgcc.a(_aeabi_uldivmod.o) (__aeabi_ldiv0)

Discarded input sections

 .text          0x0000000000000000        0x0 c:/programy_elektronika/st/stm32cubeide_1.10.0/stm32cubeide/plugins/com.st.stm32cube.ide.mcu.externaltools.gnu-tools-for-stm32.10.3-2021.10.win32_1.0.0.202111181127/tools/bin/../lib/gcc/arm-none-eabi/10.3.1/thumb/v7e-m+fp/hard/crti.o
 .data          0x0000000000000000        0x0 c:/programy_elektronika/st/stm32cubeide_1.10.0/stm32cubeide/plugins/com.st.stm32cube.ide.mcu.externaltools.gnu-tools-for-stm32.10.3-2021.10.win32_1.0.0.202111181127/tools/bin/../lib/gcc/arm-none-eabi/10.3.1/thumb/v7e-m+fp/hard/crti.o
[...]
Memory Configuration

Name             Origin             Length             Attributes
RAM              0x0000000020000000 0x0000000000018000 xrw
RAM2             0x0000000010000000 0x0000000000008000 xrw
FLASH            0x0000000008000000 0x0000000000100000 xr
*default*        0x0000000000000000 0xffffffffffffffff

Linker script and memory map

LOAD c:/programy_elektronika/st/stm32cubeide_1.10.0/stm32cubeide/plugins/com.st.stm32cube.ide.mcu.externaltools.gnu-tools-for-stm32.10.3-2021.10.win32_1.0.0.202111181127/tools/bin/../lib/gcc/arm-none-eabi/10.3.1/thumb/v7e-m+fp/hard/crti.o
LOAD c:/programy_elektronika/st/stm32cubeide_1.10.0/stm32cubeide/plugins/com.st.stm32cube.ide.mcu.externaltools.gnu-tools-for-stm32.10.3-2021.10.win32_1.0.0.202111181127/tools/bin/../lib/gcc/arm-none-eabi/10.3.1/thumb/v7e-m+fp/hard/crtbegin.o
LOAD c:/programy_elektronika/st/stm32cubeide_1.10.0/stm32cubeide/plugins/com.st.stm32cube.ide.mcu.externaltools.gnu-tools-for-stm32.10.3-2021.10.win32_1.0.0.202111181127/tools/bin/../lib/gcc/arm-none-eabi/10.3.1/../../../../arm-none-eabi/lib/thumb/v7e-m+fp/hard/crt0.o
LOAD ./Core/Src/LED.o
LOAD ./Core/Src/gpio.o
LOAD ./Core/Src/main.o
LOAD ./Core/Src/software_timers.o
LOAD ./Core/Src/stm32l4xx_hal_msp.o
LOAD ./Core/Src/stm32l4xx_it.o
LOAD ./Core/Src/syscalls.o
LOAD ./Core/Src/sysmem.o
LOAD ./Core/Src/system_stm32l4xx.o
LOAD ./Core/Src/tim.o
LOAD ./Core/Src/usart.o
LOAD ./Core/Startup/startup_stm32l476rgtx.o
LOAD ./Drivers/STM32L4xx_HAL_Driver/Src/stm32l4xx_hal.o
LOAD ./Drivers/STM32L4xx_HAL_Driver/Src/stm32l4xx_hal_cortex.o
LOAD ./Drivers/STM32L4xx_HAL_Driver/Src/stm32l4xx_hal_dma.o
LOAD ./Drivers/STM32L4xx_HAL_Driver/Src/stm32l4xx_hal_dma_ex.o
LOAD ./Drivers/STM32L4xx_HAL_Driver/Src/stm32l4xx_hal_exti.o
LOAD ./Drivers/STM32L4xx_HAL_Driver/Src/stm32l4xx_hal_flash.o
LOAD ./Drivers/STM32L4xx_HAL_Driver/Src/stm32l4xx_hal_flash_ex.o
LOAD ./Drivers/STM32L4xx_HAL_Driver/Src/stm32l4xx_hal_flash_ramfunc.o
LOAD ./Drivers/STM32L4xx_HAL_Driver/Src/stm32l4xx_hal_gpio.o
LOAD ./Drivers/STM32L4xx_HAL_Driver/Src/stm32l4xx_hal_i2c.o
LOAD ./Drivers/STM32L4xx_HAL_Driver/Src/stm32l4xx_hal_i2c_ex.o
LOAD ./Drivers/STM32L4xx_HAL_Driver/Src/stm32l4xx_hal_pwr.o
LOAD ./Drivers/STM32L4xx_HAL_Driver/Src/stm32l4xx_hal_pwr_ex.o
LOAD ./Drivers/STM32L4xx_HAL_Driver/Src/stm32l4xx_hal_rcc.o
LOAD ./Drivers/STM32L4xx_HAL_Driver/Src/stm32l4xx_hal_rcc_ex.o
LOAD ./Drivers/STM32L4xx_HAL_Driver/Src/stm32l4xx_hal_tim.o
LOAD ./Drivers/STM32L4xx_HAL_Driver/Src/stm32l4xx_hal_tim_ex.o
LOAD ./Drivers/STM32L4xx_HAL_Driver/Src/stm32l4xx_hal_uart.o
LOAD ./Drivers/STM32L4xx_HAL_Driver/Src/stm32l4xx_hal_uart_ex.o
START GROUP
LOAD c:/programy_elektronika/st/stm32cubeide_1.10.0/stm32cubeide/plugins/com.st.stm32cube.ide.mcu.externaltools.gnu-tools-for-stm32.10.3-2021.10.win32_1.0.0.202111181127/tools/bin/../lib/gcc/arm-none-eabi/10.3.1/../../../../arm-none-eabi/lib/thumb/v7e-m+fp/hard\libc_nano.a
LOAD c:/programy_elektronika/st/stm32cubeide_1.10.0/stm32cubeide/plugins/com.st.stm32cube.ide.mcu.externaltools.gnu-tools-for-stm32.10.3-2021.10.win32_1.0.0.202111181127/tools/bin/../lib/gcc/arm-none-eabi/10.3.1/../../../../arm-none-eabi/lib/thumb/v7e-m+fp/hard\libm.a
END GROUP
START GROUP
LOAD c:/programy_elektronika/st/stm32cubeide_1.10.0/stm32cubeide/plugins/com.st.stm32cube.ide.mcu.externaltools.gnu-tools-for-stm32.10.3-2021.10.win32_1.0.0.202111181127/tools/bin/../lib/gcc/arm-none-eabi/10.3.1/thumb/v7e-m+fp/hard\libgcc.a
LOAD c:/programy_elektronika/st/stm32cubeide_1.10.0/stm32cubeide/plugins/com.st.stm32cube.ide.mcu.externaltools.gnu-tools-for-stm32.10.3-2021.10.win32_1.0.0.202111181127/tools/bin/../lib/gcc/arm-none-eabi/10.3.1/../../../../arm-none-eabi/lib/thumb/v7e-m+fp/hard\libc_nano.a
END GROUP
START GROUP
LOAD c:/programy_elektronika/st/stm32cubeide_1.10.0/stm32cubeide/plugins/com.st.stm32cube.ide.mcu.externaltools.gnu-tools-for-stm32.10.3-2021.10.win32_1.0.0.202111181127/tools/bin/../lib/gcc/arm-none-eabi/10.3.1/thumb/v7e-m+fp/hard\libgcc.a
LOAD c:/programy_elektronika/st/stm32cubeide_1.10.0/stm32cubeide/plugins/com.st.stm32cube.ide.mcu.externaltools.gnu-tools-for-stm32.10.3-2021.10.win32_1.0.0.202111181127/tools/bin/../lib/gcc/arm-none-eabi/10.3.1/../../../../arm-none-eabi/lib/thumb/v7e-m+fp/hard\libc_nano.a
LOAD c:/programy_elektronika/st/stm32cubeide_1.10.0/stm32cubeide/plugins/com.st.stm32cube.ide.mcu.externaltools.gnu-tools-for-stm32.10.3-2021.10.win32_1.0.0.202111181127/tools/bin/../lib/gcc/arm-none-eabi/10.3.1/../../../../arm-none-eabi/lib/thumb/v7e-m+fp/hard\libnosys.a
END GROUP
START GROUP
LOAD c:/programy_elektronika/st/stm32cubeide_1.10.0/stm32cubeide/plugins/com.st.stm32cube.ide.mcu.externaltools.gnu-tools-for-stm32.10.3-2021.10.win32_1.0.0.202111181127/tools/bin/../lib/gcc/arm-none-eabi/10.3.1/thumb/v7e-m+fp/hard\libgcc.a
LOAD c:/programy_elektronika/st/stm32cubeide_1.10.0/stm32cubeide/plugins/com.st.stm32cube.ide.mcu.externaltools.gnu-tools-for-stm32.10.3-2021.10.win32_1.0.0.202111181127/tools/bin/../lib/gcc/arm-none-eabi/10.3.1/../../../../arm-none-eabi/lib/thumb/v7e-m+fp/hard\libc_nano.a
LOAD c:/programy_elektronika/st/stm32cubeide_1.10.0/stm32cubeide/plugins/com.st.stm32cube.ide.mcu.externaltools.gnu-tools-for-stm32.10.3-2021.10.win32_1.0.0.202111181127/tools/bin/../lib/gcc/arm-none-eabi/10.3.1/../../../../arm-none-eabi/lib/thumb/v7e-m+fp/hard\libnosys.a
END GROUP
LOAD c:/programy_elektronika/st/stm32cubeide_1.10.0/stm32cubeide/plugins/com.st.stm32cube.ide.mcu.externaltools.gnu-tools-for-stm32.10.3-2021.10.win32_1.0.0.202111181127/tools/bin/../lib/gcc/arm-none-eabi/10.3.1/thumb/v7e-m+fp/hard/crtend.o
LOAD c:/programy_elektronika/st/stm32cubeide_1.10.0/stm32cubeide/plugins/com.st.stm32cube.ide.mcu.externaltools.gnu-tools-for-stm32.10.3-2021.10.win32_1.0.0.202111181127/tools/bin/../lib/gcc/arm-none-eabi/10.3.1/thumb/v7e-m+fp/hard/crtn.o
                0x0000000020018000                _estack = (ORIGIN (RAM) + LENGTH (RAM))
                0x0000000000000200                _Min_Heap_Size = 0x200
                0x0000000000000400                _Min_Stack_Size = 0x400

.isr_vector     0x0000000008000000      0x188
                0x0000000008000000                . = ALIGN (0x4)
 *(.isr_vector)
 .isr_vector    0x0000000008000000      0x188 ./Core/Startup/startup_stm32l476rgtx.o
                0x0000000008000000                g_pfnVectors
                0x0000000008000188                . = ALIGN (0x4)

.text           0x0000000008000188     0x3834
                0x0000000008000188                . = ALIGN (0x4)
 *(.text)
 .text          0x0000000008000188       0x40 c:/programy_elektronika/st/stm32cubeide_1.10.0/stm32cubeide/plugins/com.st.stm32cube.ide.mcu.externaltools.gnu-tools-for-stm32.10.3-2021.10.win32_1.0.0.202111181127/tools/bin/../lib/gcc/arm-none-eabi/10.3.1/thumb/v7e-m+fp/hard/crtbegin.o
 .text          0x00000000080001c8       0x30 c:/programy_elektronika/st/stm32cubeide_1.10.0/stm32cubeide/plugins/com.st.stm32cube.ide.mcu.externaltools.gnu-tools-for-stm32.10.3-2021.10.win32_1.0.0.202111181127/tools/bin/../lib/gcc/arm-none-eabi/10.3.1/thumb/v7e-m+fp/hard\libgcc.a(_aeabi_uldivmod.o)
                0x00000000080001c8                __aeabi_uldivmod
 .text          0x00000000080001f8      0x2d0 c:/programy_elektronika/st/stm32cubeide_1.10.0/stm32cubeide/plugins/com.st.stm32cube.ide.mcu.externaltools.gnu-tools-for-stm32.10.3-2021.10.win32_1.0.0.202111181127/tools/bin/../lib/gcc/arm-none-eabi/10.3.1/thumb/v7e-m+fp/hard\libgcc.a(_udivmoddi4.o)
                0x00000000080001f8                __udivmoddi4
 .text          0x00000000080004c8        0x4 c:/programy_elektronika/st/stm32cubeide_1.10.0/stm32cubeide/plugins/com.st.stm32cube.ide.mcu.externaltools.gnu-tools-for-stm32.10.3-2021.10.win32_1.0.0.202111181127/tools/bin/../lib/gcc/arm-none-eabi/10.3.1/thumb/v7e-m+fp/hard\libgcc.a(_dvmd_tls.o)
                0x00000000080004c8                __aeabi_idiv0
                0x00000000080004c8                __aeabi_ldiv0
 *(.text*)
 .text.LED_tog  0x00000000080004cc       0x20 ./Core/Src/LED.o
                0x00000000080004cc                LED_tog
 .text.MX_GPIO_Init
                0x00000000080004ec       0xfc ./Core/Src/gpio.o
                0x00000000080004ec                MX_GPIO_Init
 .text.main     0x00000000080005e8       0xd8 ./Core/Src/main.o
                0x00000000080005e8                main
 .text.SystemClock_Config
                0x00000000080006c0       0xa2 ./Core/Src/main.o
                0x00000000080006c0                SystemClock_Config
 .text.HAL_TIM_PeriodElapsedCallback
                0x0000000008000762       0x16 ./Core/Src/main.o
                0x0000000008000762                HAL_TIM_PeriodElapsedCallback
 .text.Error_Handler
                0x0000000008000778        0xa ./Core/Src/main.o
                0x0000000008000778                Error_Handler
 *fill*         0x0000000008000782        0x2 
 .text.software_timers
                0x0000000008000784      0x1b0 ./Core/Src/software_timers.o
                0x0000000008000784                software_timers
 .text.HAL_MspInit
                0x0000000008000934       0x48 ./Core/Src/stm32l4xx_hal_msp.o
                0x0000000008000934                HAL_MspInit
 .text.NMI_Handler
                0x000000000800097c        0x6 ./Core/Src/stm32l4xx_it.o
                0x000000000800097c                NMI_Handler
 .text.HardFault_Handler
                0x0000000008000982        0x6 ./Core/Src/stm32l4xx_it.o
                0x0000000008000982                HardFault_Handler
 .text.MemManage_Handler
                0x0000000008000988        0x6 ./Core/Src/stm32l4xx_it.o
                0x0000000008000988                MemManage_Handler
 .text.BusFault_Handler
                0x000000000800098e        0x6 ./Core/Src/stm32l4xx_it.o
                0x000000000800098e                BusFault_Handler
 .text.UsageFault_Handler
                0x0000000008000994        0x6 ./Core/Src/stm32l4xx_it.o
                0x0000000008000994                UsageFault_Handler
 .text.SVC_Handler
                0x000000000800099a        0xe ./Core/Src/stm32l4xx_it.o
                0x000000000800099a                SVC_Handler
 .text.DebugMon_Handler
                0x00000000080009a8        0xe ./Core/Src/stm32l4xx_it.o
                0x00000000080009a8                DebugMon_Handler
 .text.PendSV_Handler
                0x00000000080009b6        0xe ./Core/Src/stm32l4xx_it.o
                0x00000000080009b6                PendSV_Handler
 .text.SysTick_Handler
                0x00000000080009c4        0xc ./Core/Src/stm32l4xx_it.o
                0x00000000080009c4                SysTick_Handler
 .text.TIM7_IRQHandler
                0x00000000080009d0       0x14 ./Core/Src/stm32l4xx_it.o
                0x00000000080009d0                TIM7_IRQHandler
 .text.SystemInit
                0x00000000080009e4       0x24 ./Core/Src/system_stm32l4xx.o
                0x00000000080009e4                SystemInit
 .text.MX_TIM7_Init
                0x0000000008000a08       0x6c ./Core/Src/tim.o
                0x0000000008000a08                MX_TIM7_Init
 .text.HAL_TIM_Base_MspInit
                0x0000000008000a74       0x4c ./Core/Src/tim.o
                0x0000000008000a74                HAL_TIM_Base_MspInit
 .text.MX_USART2_UART_Init
                0x0000000008000ac0       0x60 ./Core/Src/usart.o
                0x0000000008000ac0                MX_USART2_UART_Init
 .text.HAL_UART_MspInit
                0x0000000008000b20       0xb8 ./Core/Src/usart.o
                0x0000000008000b20                HAL_UART_MspInit
 .text.Reset_Handler
                0x0000000008000bd8       0x50 ./Core/Startup/startup_stm32l476rgtx.o
                0x0000000008000bd8                Reset_Handler
 .text.Default_Handler
                0x0000000008000c28        0x2 ./Core/Startup/startup_stm32l476rgtx.o
                0x0000000008000c28                RTC_Alarm_IRQHandler
                0x0000000008000c28                EXTI2_IRQHandler
                0x0000000008000c28                TIM8_TRG_COM_IRQHandler
                0x0000000008000c28                TIM8_CC_IRQHandler
                0x0000000008000c28                TIM1_CC_IRQHandler
                0x0000000008000c28                TSC_IRQHandler
                0x0000000008000c28                TAMP_STAMP_IRQHandler
                0x0000000008000c28                EXTI3_IRQHandler
                0x0000000008000c28                LPTIM2_IRQHandler
                0x0000000008000c28                DFSDM1_FLT1_IRQHandler
                0x0000000008000c28                I2C3_ER_IRQHandler
                0x0000000008000c28                DFSDM1_FLT2_IRQHandler
                0x0000000008000c28                EXTI0_IRQHandler
                0x0000000008000c28                I2C2_EV_IRQHandler
                0x0000000008000c28                CAN1_RX0_IRQHandler
                0x0000000008000c28                FPU_IRQHandler
                0x0000000008000c28                TIM1_UP_TIM16_IRQHandler
                0x0000000008000c28                ADC1_2_IRQHandler
                0x0000000008000c28                SPI1_IRQHandler
                0x0000000008000c28                TIM6_DAC_IRQHandler
                0x0000000008000c28                TIM8_UP_IRQHandler
                0x0000000008000c28                DMA2_Channel2_IRQHandler
                0x0000000008000c28                DMA1_Channel4_IRQHandler
                0x0000000008000c28                SAI2_IRQHandler
                0x0000000008000c28                DFSDM1_FLT3_IRQHandler
                0x0000000008000c28                USART3_IRQHandler
                0x0000000008000c28                DMA1_Channel7_IRQHandler
                0x0000000008000c28                CAN1_RX1_IRQHandler
                0x0000000008000c28                LCD_IRQHandler
                0x0000000008000c28                UART5_IRQHandler
                0x0000000008000c28                ADC3_IRQHandler
                0x0000000008000c28                TIM4_IRQHandler
                0x0000000008000c28                DMA2_Channel1_IRQHandler
                0x0000000008000c28                QUADSPI_IRQHandler
                0x0000000008000c28                I2C1_EV_IRQHandler
                0x0000000008000c28                DMA1_Channel6_IRQHandler
                0x0000000008000c28                UART4_IRQHandler
                0x0000000008000c28                DMA2_Channel4_IRQHandler
                0x0000000008000c28                TIM3_IRQHandler
                0x0000000008000c28                RCC_IRQHandler
                0x0000000008000c28                DMA1_Channel1_IRQHandler
                0x0000000008000c28                Default_Handler
                0x0000000008000c28                DMA2_Channel7_IRQHandler
                0x0000000008000c28                EXTI15_10_IRQHandler
                0x0000000008000c28                SDMMC1_IRQHandler
                0x0000000008000c28                TIM5_IRQHandler
                0x0000000008000c28                I2C3_EV_IRQHandler
                0x0000000008000c28                EXTI9_5_IRQHandler
                0x0000000008000c28                RTC_WKUP_IRQHandler
                0x0000000008000c28                PVD_PVM_IRQHandler
                0x0000000008000c28                SPI2_IRQHandler
                0x0000000008000c28                CAN1_TX_IRQHandler
                0x0000000008000c28                DMA2_Channel5_IRQHandler
                0x0000000008000c28                DMA1_Channel5_IRQHandler
                0x0000000008000c28                EXTI4_IRQHandler
                0x0000000008000c28                RNG_IRQHandler
                0x0000000008000c28                TIM1_TRG_COM_TIM17_IRQHandler
                0x0000000008000c28                DMA1_Channel3_IRQHandler
                0x0000000008000c28                COMP_IRQHandler
                0x0000000008000c28                WWDG_IRQHandler
                0x0000000008000c28                LPUART1_IRQHandler
                0x0000000008000c28                DMA2_Channel6_IRQHandler
                0x0000000008000c28                TIM2_IRQHandler
                0x0000000008000c28                EXTI1_IRQHandler
                0x0000000008000c28                USART2_IRQHandler
                0x0000000008000c28                DFSDM1_FLT0_IRQHandler
                0x0000000008000c28                I2C2_ER_IRQHandler
                0x0000000008000c28                DMA1_Channel2_IRQHandler
                0x0000000008000c28                TIM8_BRK_IRQHandler
                0x0000000008000c28                CAN1_SCE_IRQHandler
                0x0000000008000c28                FLASH_IRQHandler
                0x0000000008000c28                USART1_IRQHandler
                0x0000000008000c28                OTG_FS_IRQHandler
                0x0000000008000c28                SPI3_IRQHandler
                0x0000000008000c28                I2C1_ER_IRQHandler
                0x0000000008000c28                FMC_IRQHandler
                0x0000000008000c28                SWPMI1_IRQHandler
                0x0000000008000c28                LPTIM1_IRQHandler
                0x0000000008000c28                SAI1_IRQHandler
                0x0000000008000c28                DMA2_Channel3_IRQHandler
                0x0000000008000c28                TIM1_BRK_TIM15_IRQHandler
 *fill*         0x0000000008000c2a        0x2 
 .text.HAL_Init
                0x0000000008000c2c       0x40 ./Drivers/STM32L4xx_HAL_Driver/Src/stm32l4xx_hal.o
                0x0000000008000c2c                HAL_Init
 .text.HAL_InitTick
                0x0000000008000c6c       0x78 ./Drivers/STM32L4xx_HAL_Driver/Src/stm32l4xx_hal.o
                0x0000000008000c6c                HAL_InitTick
 .text.HAL_IncTick
                0x0000000008000ce4       0x28 ./Drivers/STM32L4xx_HAL_Driver/Src/stm32l4xx_hal.o
                0x0000000008000ce4                HAL_IncTick
 .text.HAL_GetTick
                0x0000000008000d0c       0x18 ./Drivers/STM32L4xx_HAL_Driver/Src/stm32l4xx_hal.o
                0x0000000008000d0c                HAL_GetTick
 .text.__NVIC_SetPriorityGrouping
                0x0000000008000d24       0x48 ./Drivers/STM32L4xx_HAL_Driver/Src/stm32l4xx_hal_cortex.o
 .text.__NVIC_GetPriorityGrouping
                0x0000000008000d6c       0x1c ./Drivers/STM32L4xx_HAL_Driver/Src/stm32l4xx_hal_cortex.o
 .text.__NVIC_EnableIRQ
                0x0000000008000d88       0x3c ./Drivers/STM32L4xx_HAL_Driver/Src/stm32l4xx_hal_cortex.o
 .text.__NVIC_SetPriority
                0x0000000008000dc4       0x54 ./Drivers/STM32L4xx_HAL_Driver/Src/stm32l4xx_hal_cortex.o
 .text.NVIC_EncodePriority
                0x0000000008000e18       0x66 ./Drivers/STM32L4xx_HAL_Driver/Src/stm32l4xx_hal_cortex.o
 *fill*         0x0000000008000e7e        0x2 
 .text.SysTick_Config
                0x0000000008000e80       0x44 ./Drivers/STM32L4xx_HAL_Driver/Src/stm32l4xx_hal_cortex.o
 .text.HAL_NVIC_SetPriorityGrouping
                0x0000000008000ec4       0x16 ./Drivers/STM32L4xx_HAL_Driver/Src/stm32l4xx_hal_cortex.o
                0x0000000008000ec4                HAL_NVIC_SetPriorityGrouping
 .text.HAL_NVIC_SetPriority
                0x0000000008000eda       0x38 ./Drivers/STM32L4xx_HAL_Driver/Src/stm32l4xx_hal_cortex.o
                0x0000000008000eda                HAL_NVIC_SetPriority
 .text.HAL_NVIC_EnableIRQ
                0x0000000008000f12       0x1c ./Drivers/STM32L4xx_HAL_Driver/Src/stm32l4xx_hal_cortex.o
                0x0000000008000f12                HAL_NVIC_EnableIRQ
 .text.HAL_SYSTICK_Config
                0x0000000008000f2e       0x18 ./Drivers/STM32L4xx_HAL_Driver/Src/stm32l4xx_hal_cortex.o
                0x0000000008000f2e                HAL_SYSTICK_Config
 *fill*         0x0000000008000f46        0x2 
 .text.HAL_GPIO_Init
                0x0000000008000f48      0x354 ./Drivers/STM32L4xx_HAL_Driver/Src/stm32l4xx_hal_gpio.o
                0x0000000008000f48                HAL_GPIO_Init
 .text.HAL_GPIO_WritePin
                0x000000000800129c       0x30 ./Drivers/STM32L4xx_HAL_Driver/Src/stm32l4xx_hal_gpio.o
                0x000000000800129c                HAL_GPIO_WritePin
 .text.HAL_GPIO_TogglePin
                0x00000000080012cc       0x34 ./Drivers/STM32L4xx_HAL_Driver/Src/stm32l4xx_hal_gpio.o
                0x00000000080012cc                HAL_GPIO_TogglePin
 .text.HAL_PWREx_GetVoltageRange
                0x0000000008001300       0x1c ./Drivers/STM32L4xx_HAL_Driver/Src/stm32l4xx_hal_pwr_ex.o
                0x0000000008001300                HAL_PWREx_GetVoltageRange
 .text.HAL_PWREx_ControlVoltageScaling
                0x000000000800131c       0xac ./Drivers/STM32L4xx_HAL_Driver/Src/stm32l4xx_hal_pwr_ex.o
                0x000000000800131c                HAL_PWREx_ControlVoltageScaling
 .text.HAL_RCC_OscConfig
                0x00000000080013c8      0x7b8 ./Drivers/STM32L4xx_HAL_Driver/Src/stm32l4xx_hal_rcc.o
                0x00000000080013c8                HAL_RCC_OscConfig
 .text.HAL_RCC_ClockConfig
                0x0000000008001b80      0x200 ./Drivers/STM32L4xx_HAL_Driver/Src/stm32l4xx_hal_rcc.o
                0x0000000008001b80                HAL_RCC_ClockConfig
 .text.HAL_RCC_GetSysClockFreq
                0x0000000008001d80      0x118 ./Drivers/STM32L4xx_HAL_Driver/Src/stm32l4xx_hal_rcc.o
                0x0000000008001d80                HAL_RCC_GetSysClockFreq
 .text.HAL_RCC_GetHCLKFreq
                0x0000000008001e98       0x18 ./Drivers/STM32L4xx_HAL_Driver/Src/stm32l4xx_hal_rcc.o
                0x0000000008001e98                HAL_RCC_GetHCLKFreq
 .text.HAL_RCC_GetPCLK1Freq
                0x0000000008001eb0       0x2c ./Drivers/STM32L4xx_HAL_Driver/Src/stm32l4xx_hal_rcc.o
                0x0000000008001eb0                HAL_RCC_GetPCLK1Freq
 .text.HAL_RCC_GetPCLK2Freq
                0x0000000008001edc       0x2c ./Drivers/STM32L4xx_HAL_Driver/Src/stm32l4xx_hal_rcc.o
                0x0000000008001edc                HAL_RCC_GetPCLK2Freq
 .text.RCC_SetFlashLatencyFromMSIRange
                0x0000000008001f08       0xc0 ./Drivers/STM32L4xx_HAL_Driver/Src/stm32l4xx_hal_rcc.o
 .text.HAL_RCCEx_PeriphCLKConfig
                0x0000000008001fc8      0x5d4 ./Drivers/STM32L4xx_HAL_Driver/Src/stm32l4xx_hal_rcc_ex.o
                0x0000000008001fc8                HAL_RCCEx_PeriphCLKConfig
 .text.RCCEx_PLLSAI1_Config
                0x000000000800259c      0x1e8 ./Drivers/STM32L4xx_HAL_Driver/Src/stm32l4xx_hal_rcc_ex.o
 .text.RCCEx_PLLSAI2_Config
                0x0000000008002784      0x1bc ./Drivers/STM32L4xx_HAL_Driver/Src/stm32l4xx_hal_rcc_ex.o
 .text.HAL_TIM_Base_Init
                0x0000000008002940       0xae ./Drivers/STM32L4xx_HAL_Driver/Src/stm32l4xx_hal_tim.o
                0x0000000008002940                HAL_TIM_Base_Init
 *fill*         0x00000000080029ee        0x2 
 .text.HAL_TIM_Base_Start_IT
                0x00000000080029f0       0xe0 ./Drivers/STM32L4xx_HAL_Driver/Src/stm32l4xx_hal_tim.o
                0x00000000080029f0                HAL_TIM_Base_Start_IT
 .text.HAL_TIM_IRQHandler
                0x0000000008002ad0      0x23e ./Drivers/STM32L4xx_HAL_Driver/Src/stm32l4xx_hal_tim.o
                0x0000000008002ad0                HAL_TIM_IRQHandler
 .text.HAL_TIM_OC_DelayElapsedCallback
                0x0000000008002d0e       0x14 ./Drivers/STM32L4xx_HAL_Driver/Src/stm32l4xx_hal_tim.o
                0x0000000008002d0e                HAL_TIM_OC_DelayElapsedCallback
 .text.HAL_TIM_IC_CaptureCallback
                0x0000000008002d22       0x14 ./Drivers/STM32L4xx_HAL_Driver/Src/stm32l4xx_hal_tim.o
                0x0000000008002d22                HAL_TIM_IC_CaptureCallback
 .text.HAL_TIM_PWM_PulseFinishedCallback
                0x0000000008002d36       0x14 ./Drivers/STM32L4xx_HAL_Driver/Src/stm32l4xx_hal_tim.o
                0x0000000008002d36                HAL_TIM_PWM_PulseFinishedCallback
 .text.HAL_TIM_TriggerCallback
                0x0000000008002d4a       0x14 ./Drivers/STM32L4xx_HAL_Driver/Src/stm32l4xx_hal_tim.o
                0x0000000008002d4a                HAL_TIM_TriggerCallback
 *fill*         0x0000000008002d5e        0x2 
 .text.TIM_Base_SetConfig
                0x0000000008002d60      0x134 ./Drivers/STM32L4xx_HAL_Driver/Src/stm32l4xx_hal_tim.o
                0x0000000008002d60                TIM_Base_SetConfig
 .text.HAL_TIMEx_MasterConfigSynchronization
                0x0000000008002e94      0x110 ./Drivers/STM32L4xx_HAL_Driver/Src/stm32l4xx_hal_tim_ex.o
                0x0000000008002e94                HAL_TIMEx_MasterConfigSynchronization
 .text.HAL_TIMEx_CommutCallback
                0x0000000008002fa4       0x14 ./Drivers/STM32L4xx_HAL_Driver/Src/stm32l4xx_hal_tim_ex.o
                0x0000000008002fa4                HAL_TIMEx_CommutCallback
 .text.HAL_TIMEx_BreakCallback
                0x0000000008002fb8       0x14 ./Drivers/STM32L4xx_HAL_Driver/Src/stm32l4xx_hal_tim_ex.o
                0x0000000008002fb8                HAL_TIMEx_BreakCallback
 .text.HAL_TIMEx_Break2Callback
                0x0000000008002fcc       0x14 ./Drivers/STM32L4xx_HAL_Driver/Src/stm32l4xx_hal_tim_ex.o
                0x0000000008002fcc                HAL_TIMEx_Break2Callback
 .text.HAL_UART_Init
                0x0000000008002fe0       0x9c ./Drivers/STM32L4xx_HAL_Driver/Src/stm32l4xx_hal_uart.o
                0x0000000008002fe0                HAL_UART_Init
 .text.UART_SetConfig
                0x000000000800307c      0x570 ./Drivers/STM32L4xx_HAL_Driver/Src/stm32l4xx_hal_uart.o
                0x000000000800307c                UART_SetConfig
 .text.UART_AdvFeatureConfig
                0x00000000080035ec      0x144 ./Drivers/STM32L4xx_HAL_Driver/Src/stm32l4xx_hal_uart.o
                0x00000000080035ec                UART_AdvFeatureConfig
 .text.UART_CheckIdleState
                0x0000000008003730       0x92 ./Drivers/STM32L4xx_HAL_Driver/Src/stm32l4xx_hal_uart.o
                0x0000000008003730                UART_CheckIdleState
 .text.UART_WaitOnFlagUntilTimeout
                0x00000000080037c2      0x188 ./Drivers/STM32L4xx_HAL_Driver/Src/stm32l4xx_hal_uart.o
                0x00000000080037c2                UART_WaitOnFlagUntilTimeout
 *fill*         0x000000000800394a        0x2 
 .text.__libc_init_array
                0x000000000800394c       0x48 c:/programy_elektronika/st/stm32cubeide_1.10.0/stm32cubeide/plugins/com.st.stm32cube.ide.mcu.externaltools.gnu-tools-for-stm32.10.3-2021.10.win32_1.0.0.202111181127/tools/bin/../lib/gcc/arm-none-eabi/10.3.1/../../../../arm-none-eabi/lib/thumb/v7e-m+fp/hard\libc_nano.a(lib_a-init.o)
                0x000000000800394c                __libc_init_array
 .text.memset   0x0000000008003994       0x10 c:/programy_elektronika/st/stm32cubeide_1.10.0/stm32cubeide/plugins/com.st.stm32cube.ide.mcu.externaltools.gnu-tools-for-stm32.10.3-2021.10.win32_1.0.0.202111181127/tools/bin/../lib/gcc/arm-none-eabi/10.3.1/../../../../arm-none-eabi/lib/thumb/v7e-m+fp/hard\libc_nano.a(lib_a-memset.o)
                0x0000000008003994                memset
 *(.glue_7)
 .glue_7        0x00000000080039a4        0x0 linker stubs
 *(.glue_7t)
 .glue_7t       0x00000000080039a4        0x0 linker stubs
 *(.eh_frame)
 .eh_frame      0x00000000080039a4        0x0 c:/programy_elektronika/st/stm32cubeide_1.10.0/stm32cubeide/plugins/com.st.stm32cube.ide.mcu.externaltools.gnu-tools-for-stm32.10.3-2021.10.win32_1.0.0.202111181127/tools/bin/../lib/gcc/arm-none-eabi/10.3.1/thumb/v7e-m+fp/hard/crtbegin.o
 *(.init)
 .init          0x00000000080039a4        0x4 c:/programy_elektronika/st/stm32cubeide_1.10.0/stm32cubeide/plugins/com.st.stm32cube.ide.mcu.externaltools.gnu-tools-for-stm32.10.3-2021.10.win32_1.0.0.202111181127/tools/bin/../lib/gcc/arm-none-eabi/10.3.1/thumb/v7e-m+fp/hard/crti.o
                0x00000000080039a4                _init
 .init          0x00000000080039a8        0x8 c:/programy_elektronika/st/stm32cubeide_1.10.0/stm32cubeide/plugins/com.st.stm32cube.ide.mcu.externaltools.gnu-tools-for-stm32.10.3-2021.10.win32_1.0.0.202111181127/tools/bin/../lib/gcc/arm-none-eabi/10.3.1/thumb/v7e-m+fp/hard/crtn.o
 *(.fini)
 .fini          0x00000000080039b0        0x4 c:/programy_elektronika/st/stm32cubeide_1.10.0/stm32cubeide/plugins/com.st.stm32cube.ide.mcu.externaltools.gnu-tools-for-stm32.10.3-2021.10.win32_1.0.0.202111181127/tools/bin/../lib/gcc/arm-none-eabi/10.3.1/thumb/v7e-m+fp/hard/crti.o
                0x00000000080039b0                _fini
 .fini          0x00000000080039b4        0x8 c:/programy_elektronika/st/stm32cubeide_1.10.0/stm32cubeide/plugins/com.st.stm32cube.ide.mcu.externaltools.gnu-tools-for-stm32.10.3-2021.10.win32_1.0.0.202111181127/tools/bin/../lib/gcc/arm-none-eabi/10.3.1/thumb/v7e-m+fp/hard/crtn.o
                0x00000000080039bc                . = ALIGN (0x4)
                0x00000000080039bc                _etext = .

.vfp11_veneer   0x00000000080039bc        0x0
 .vfp11_veneer  0x00000000080039bc        0x0 linker stubs

.v4_bx          0x00000000080039bc        0x0
 .v4_bx         0x00000000080039bc        0x0 linker stubs

.iplt           0x00000000080039bc        0x0
 .iplt          0x00000000080039bc        0x0 c:/programy_elektronika/st/stm32cubeide_1.10.0/stm32cubeide/plugins/com.st.stm32cube.ide.mcu.externaltools.gnu-tools-for-stm32.10.3-2021.10.win32_1.0.0.202111181127/tools/bin/../lib/gcc/arm-none-eabi/10.3.1/thumb/v7e-m+fp/hard/crtbegin.o

.rodata         0x00000000080039bc       0x98
                0x00000000080039bc                . = ALIGN (0x4)
 *(.rodata)
 .rodata        0x00000000080039bc       0x10 ./Core/Src/main.o
 *(.rodata*)
 .rodata.LED    0x00000000080039cc       0x40 ./Core/Src/main.o
 .rodata.AHBPrescTable
                0x0000000008003a0c       0x10 ./Core/Src/system_stm32l4xx.o
                0x0000000008003a0c                AHBPrescTable
 .rodata.APBPrescTable
                0x0000000008003a1c        0x8 ./Core/Src/system_stm32l4xx.o
                0x0000000008003a1c                APBPrescTable
 .rodata.MSIRangeTable
                0x0000000008003a24       0x30 ./Core/Src/system_stm32l4xx.o
                0x0000000008003a24                MSIRangeTable
                0x0000000008003a54                . = ALIGN (0x4)

.ARM.extab      0x0000000008003a54        0x0
                0x0000000008003a54                . = ALIGN (0x4)
 *(.ARM.extab* .gnu.linkonce.armextab.*)
                0x0000000008003a54                . = ALIGN (0x4)

.ARM            0x0000000008003a54        0x8
                0x0000000008003a54                . = ALIGN (0x4)
                0x0000000008003a54                __exidx_start = .
 *(.ARM.exidx*)
 .ARM.exidx     0x0000000008003a54        0x8 c:/programy_elektronika/st/stm32cubeide_1.10.0/stm32cubeide/plugins/com.st.stm32cube.ide.mcu.externaltools.gnu-tools-for-stm32.10.3-2021.10.win32_1.0.0.202111181127/tools/bin/../lib/gcc/arm-none-eabi/10.3.1/thumb/v7e-m+fp/hard\libgcc.a(_udivmoddi4.o)
                0x0000000008003a5c                __exidx_end = .
                0x0000000008003a5c                . = ALIGN (0x4)

.rel.dyn        0x0000000008003a5c        0x0
 .rel.iplt      0x0000000008003a5c        0x0 c:/programy_elektronika/st/stm32cubeide_1.10.0/stm32cubeide/plugins/com.st.stm32cube.ide.mcu.externaltools.gnu-tools-for-stm32.10.3-2021.10.win32_1.0.0.202111181127/tools/bin/../lib/gcc/arm-none-eabi/10.3.1/thumb/v7e-m+fp/hard/crtbegin.o

.preinit_array  0x0000000008003a5c        0x0
                0x0000000008003a5c                . = ALIGN (0x4)
                0x0000000008003a5c                PROVIDE (__preinit_array_start = .)
 *(.preinit_array*)
                0x0000000008003a5c                PROVIDE (__preinit_array_end = .)
                0x0000000008003a5c                . = ALIGN (0x4)

.init_array     0x0000000008003a5c        0x4
                0x0000000008003a5c                . = ALIGN (0x4)
                0x0000000008003a5c                PROVIDE (__init_array_start = .)
 *(SORT_BY_NAME(.init_array.*))
 *(.init_array*)
 .init_array    0x0000000008003a5c        0x4 c:/programy_elektronika/st/stm32cubeide_1.10.0/stm32cubeide/plugins/com.st.stm32cube.ide.mcu.externaltools.gnu-tools-for-stm32.10.3-2021.10.win32_1.0.0.202111181127/tools/bin/../lib/gcc/arm-none-eabi/10.3.1/thumb/v7e-m+fp/hard/crtbegin.o
                0x0000000008003a60                PROVIDE (__init_array_end = .)
                0x0000000008003a60                . = ALIGN (0x4)

.fini_array     0x0000000008003a60        0x4
                0x0000000008003a60                . = ALIGN (0x4)
                [!provide]                        PROVIDE (__fini_array_start = .)
 *(SORT_BY_NAME(.fini_array.*))
 *(.fini_array*)
 .fini_array    0x0000000008003a60        0x4 c:/programy_elektronika/st/stm32cubeide_1.10.0/stm32cubeide/plugins/com.st.stm32cube.ide.mcu.externaltools.gnu-tools-for-stm32.10.3-2021.10.win32_1.0.0.202111181127/tools/bin/../lib/gcc/arm-none-eabi/10.3.1/thumb/v7e-m+fp/hard/crtbegin.o
                [!provide]                        PROVIDE (__fini_array_end = .)
                0x0000000008003a64                . = ALIGN (0x4)
                0x0000000008003a64                _sidata = LOADADDR (.data)

.data           0x0000000020000000        0xc load address 0x0000000008003a64
                0x0000000020000000                . = ALIGN (0x4)
                0x0000000020000000                _sdata = .
 *(.data)
 *(.data*)
 .data.SystemCoreClock
                0x0000000020000000        0x4 ./Core/Src/system_stm32l4xx.o
                0x0000000020000000                SystemCoreClock
 .data.uwTickPrio
                0x0000000020000004        0x4 ./Drivers/STM32L4xx_HAL_Driver/Src/stm32l4xx_hal.o
                0x0000000020000004                uwTickPrio
 .data.uwTickFreq
                0x0000000020000008        0x1 ./Drivers/STM32L4xx_HAL_Driver/Src/stm32l4xx_hal.o
                0x0000000020000008                uwTickFreq
 *(.RamFunc)
 *(.RamFunc*)
                0x000000002000000c                . = ALIGN (0x4)
 *fill*         0x0000000020000009        0x3 
                0x000000002000000c                _edata = .

.igot.plt       0x000000002000000c        0x0 load address 0x0000000008003a70
 .igot.plt      0x000000002000000c        0x0 c:/programy_elektronika/st/stm32cubeide_1.10.0/stm32cubeide/plugins/com.st.stm32cube.ide.mcu.externaltools.gnu-tools-for-stm32.10.3-2021.10.win32_1.0.0.202111181127/tools/bin/../lib/gcc/arm-none-eabi/10.3.1/thumb/v7e-m+fp/hard/crtbegin.o
                0x000000002000000c                . = ALIGN (0x4)

.bss            0x000000002000000c      0x11c load address 0x0000000008003a70
                0x000000002000000c                _sbss = .
                0x000000002000000c                __bss_start__ = _sbss
 *(.bss)
 .bss           0x000000002000000c       0x1c c:/programy_elektronika/st/stm32cubeide_1.10.0/stm32cubeide/plugins/com.st.stm32cube.ide.mcu.externaltools.gnu-tools-for-stm32.10.3-2021.10.win32_1.0.0.202111181127/tools/bin/../lib/gcc/arm-none-eabi/10.3.1/thumb/v7e-m+fp/hard/crtbegin.o
 *(.bss*)
 .bss.flag_LED.0
                0x0000000020000028        0x1 ./Core/Src/main.o
 *fill*         0x0000000020000029        0x1 
 .bss.timer_1   0x000000002000002a        0x2 ./Core/Src/software_timers.o
                0x000000002000002a                timer_1
 .bss.timer_2   0x000000002000002c        0x2 ./Core/Src/software_timers.o
                0x000000002000002c                timer_2
 .bss.timer_3   0x000000002000002e        0x2 ./Core/Src/software_timers.o
                0x000000002000002e                timer_3
 .bss.timer_LED_1
                0x0000000020000030        0x2 ./Core/Src/software_timers.o
                0x0000000020000030                timer_LED_1
 .bss.timer_LED_2
                0x0000000020000032        0x2 ./Core/Src/software_timers.o
                0x0000000020000032                timer_LED_2
 .bss.timer_LED_3
                0x0000000020000034        0x2 ./Core/Src/software_timers.o
                0x0000000020000034                timer_LED_3
 .bss.timer_LED_4
                0x0000000020000036        0x2 ./Core/Src/software_timers.o
                0x0000000020000036                timer_LED_4
 .bss.timer_LED_5
                0x0000000020000038        0x2 ./Core/Src/software_timers.o
                0x0000000020000038                timer_LED_5
 .bss.timer_LED_6
                0x000000002000003a        0x2 ./Core/Src/software_timers.o
                0x000000002000003a                timer_LED_6
 .bss.timer_LED_7
                0x000000002000003c        0x2 ./Core/Src/software_timers.o
                0x000000002000003c                timer_LED_7
 .bss.timer_LED_8
                0x000000002000003e        0x2 ./Core/Src/software_timers.o
                0x000000002000003e                timer_LED_8
 .bss.timer_LED
                0x0000000020000040       0x10 ./Core/Src/software_timers.o
                0x0000000020000040                timer_LED
 .bss.counter.0
                0x0000000020000050        0x2 ./Core/Src/software_timers.o
 *fill*         0x0000000020000052        0x2 
 .bss.htim7     0x0000000020000054       0x4c ./Core/Src/tim.o
                0x0000000020000054                htim7
 .bss.huart2    0x00000000200000a0       0x84 ./Core/Src/usart.o
                0x00000000200000a0                huart2
 .bss.uwTick    0x0000000020000124        0x4 ./Drivers/STM32L4xx_HAL_Driver/Src/stm32l4xx_hal.o
                0x0000000020000124                uwTick
 *(COMMON)
                0x0000000020000128                . = ALIGN (0x4)
                0x0000000020000128                _ebss = .
                0x0000000020000128                __bss_end__ = _ebss

._user_heap_stack
                0x0000000020000128      0x600 load address 0x0000000008003a70
                0x0000000020000128                . = ALIGN (0x8)
                [!provide]                        PROVIDE (end = .)
                0x0000000020000128                PROVIDE (_end = .)
                0x0000000020000328                . = (. + _Min_Heap_Size)
 *fill*         0x0000000020000128      0x200 
                0x0000000020000728                . = (. + _Min_Stack_Size)
 *fill*         0x0000000020000328      0x400 
                0x0000000020000728                . = ALIGN (0x8)

/DISCARD/
 libc.a(*)
 libm.a(*)
 libgcc.a(*)

.ARM.attributes
                0x0000000000000000       0x30
 *(.ARM.attributes)
 .ARM.attributes
                0x0000000000000000       0x1e c:/programy_elektronika/st/stm32cubeide_1.10.0/stm32cubeide/plugins/com.st.stm32cube.ide.mcu.externaltools.gnu-tools-for-stm32.10.3-2021.10.win32_1.0.0.202111181127/tools/bin/../lib/gcc/arm-none-eabi/10.3.1/thumb/v7e-m+fp/hard/crti.o
 .ARM.attributes
                0x000000000000001e       0x34 c:/programy_elektronika/st/stm32cubeide_1.10.0/stm32cubeide/plugins/com.st.stm32cube.ide.mcu.externaltools.gnu-tools-for-stm32.10.3-2021.10.win32_1.0.0.202111181127/tools/bin/../lib/gcc/arm-none-eabi/10.3.1/thumb/v7e-m+fp/hard/crtbegin.o
 .ARM.attributes
                0x0000000000000052       0x34 ./Core/Src/LED.o
 .ARM.attributes
                0x0000000000000086       0x34 ./Core/Src/gpio.o
 .ARM.attributes
                0x00000000000000ba       0x34 ./Core/Src/main.o
 .ARM.attributes
                0x00000000000000ee       0x34 ./Core/Src/software_timers.o
 .ARM.attributes
                0x0000000000000122       0x34 ./Core/Src/stm32l4xx_hal_msp.o
 .ARM.attributes
                0x0000000000000156       0x34 ./Core/Src/stm32l4xx_it.o
 .ARM.attributes
                0x000000000000018a       0x34 ./Core/Src/system_stm32l4xx.o
 .ARM.attributes
                0x00000000000001be       0x34 ./Core/Src/tim.o
 .ARM.attributes
                0x00000000000001f2       0x34 ./Core/Src/usart.o
 .ARM.attributes
                0x0000000000000226       0x21 ./Core/Startup/startup_stm32l476rgtx.o
 .ARM.attributes
                0x0000000000000247       0x34 ./Drivers/STM32L4xx_HAL_Driver/Src/stm32l4xx_hal.o
 .ARM.attributes
                0x000000000000027b       0x34 ./Drivers/STM32L4xx_HAL_Driver/Src/stm32l4xx_hal_cortex.o
 .ARM.attributes
                0x00000000000002af       0x34 ./Drivers/STM32L4xx_HAL_Driver/Src/stm32l4xx_hal_gpio.o
 .ARM.attributes
                0x00000000000002e3       0x34 ./Drivers/STM32L4xx_HAL_Driver/Src/stm32l4xx_hal_pwr_ex.o
 .ARM.attributes
                0x0000000000000317       0x34 ./Drivers/STM32L4xx_HAL_Driver/Src/stm32l4xx_hal_rcc.o
 .ARM.attributes
                0x000000000000034b       0x34 ./Drivers/STM32L4xx_HAL_Driver/Src/stm32l4xx_hal_rcc_ex.o
 .ARM.attributes
                0x000000000000037f       0x34 ./Drivers/STM32L4xx_HAL_Driver/Src/stm32l4xx_hal_tim.o
 .ARM.attributes
                0x00000000000003b3       0x34 ./Drivers/STM32L4xx_HAL_Driver/Src/stm32l4xx_hal_tim_ex.o
 .ARM.attributes
                0x00000000000003e7       0x34 ./Drivers/STM32L4xx_HAL_Driver/Src/stm32l4xx_hal_uart.o
 .ARM.attributes
                0x000000000000041b       0x34 c:/programy_elektronika/st/stm32cubeide_1.10.0/stm32cubeide/plugins/com.st.stm32cube.ide.mcu.externaltools.gnu-tools-for-stm32.10.3-2021.10.win32_1.0.0.202111181127/tools/bin/../lib/gcc/arm-none-eabi/10.3.1/../../../../arm-none-eabi/lib/thumb/v7e-m+fp/hard\libc_nano.a(lib_a-init.o)
 .ARM.attributes
                0x000000000000044f       0x34 c:/programy_elektronika/st/stm32cubeide_1.10.0/stm32cubeide/plugins/com.st.stm32cube.ide.mcu.externaltools.gnu-tools-for-stm32.10.3-2021.10.win32_1.0.0.202111181127/tools/bin/../lib/gcc/arm-none-eabi/10.3.1/../../../../arm-none-eabi/lib/thumb/v7e-m+fp/hard\libc_nano.a(lib_a-memset.o)
 .ARM.attributes
                0x0000000000000483       0x1e c:/programy_elektronika/st/stm32cubeide_1.10.0/stm32cubeide/plugins/com.st.stm32cube.ide.mcu.externaltools.gnu-tools-for-stm32.10.3-2021.10.win32_1.0.0.202111181127/tools/bin/../lib/gcc/arm-none-eabi/10.3.1/thumb/v7e-m+fp/hard\libgcc.a(_aeabi_uldivmod.o)
 .ARM.attributes
                0x00000000000004a1       0x34 c:/programy_elektronika/st/stm32cubeide_1.10.0/stm32cubeide/plugins/com.st.stm32cube.ide.mcu.externaltools.gnu-tools-for-stm32.10.3-2021.10.win32_1.0.0.202111181127/tools/bin/../lib/gcc/arm-none-eabi/10.3.1/thumb/v7e-m+fp/hard\libgcc.a(_udivmoddi4.o)
 .ARM.attributes
                0x00000000000004d5       0x1e c:/programy_elektronika/st/stm32cubeide_1.10.0/stm32cubeide/plugins/com.st.stm32cube.ide.mcu.externaltools.gnu-tools-for-stm32.10.3-2021.10.win32_1.0.0.202111181127/tools/bin/../lib/gcc/arm-none-eabi/10.3.1/thumb/v7e-m+fp/hard\libgcc.a(_dvmd_tls.o)
 .ARM.attributes
                0x00000000000004f3       0x1e c:/programy_elektronika/st/stm32cubeide_1.10.0/stm32cubeide/plugins/com.st.stm32cube.ide.mcu.externaltools.gnu-tools-for-stm32.10.3-2021.10.win32_1.0.0.202111181127/tools/bin/../lib/gcc/arm-none-eabi/10.3.1/thumb/v7e-m+fp/hard/crtn.o
OUTPUT(STM32_project_1.elf elf32-littlearm)
LOAD linker stubs
LOAD c:/programy_elektronika/st/stm32cubeide_1.10.0/stm32cubeide/plugins/com.st.stm32cube.ide.mcu.externaltools.gnu-tools-for-stm32.10.3-2021.10.win32_1.0.0.202111181127/tools/bin/../lib/gcc/arm-none-eabi/10.3.1/../../../../arm-none-eabi/lib/thumb/v7e-m+fp/hard\libc.a
LOAD c:/programy_elektronika/st/stm32cubeide_1.10.0/stm32cubeide/plugins/com.st.stm32cube.ide.mcu.externaltools.gnu-tools-for-stm32.10.3-2021.10.win32_1.0.0.202111181127/tools/bin/../lib/gcc/arm-none-eabi/10.3.1/../../../../arm-none-eabi/lib/thumb/v7e-m+fp/hard\libm.a
LOAD c:/programy_elektronika/st/stm32cubeide_1.10.0/stm32cubeide/plugins/com.st.stm32cube.ide.mcu.externaltools.gnu-tools-for-stm32.10.3-2021.10.win32_1.0.0.202111181127/tools/bin/../lib/gcc/arm-none-eabi/10.3.1/thumb/v7e-m+fp/hard\libgcc.a

.debug_info     0x0000000000000000    0x10f4f
 .debug_info    0x0000000000000000      0x2a0 ./Core/Src/LED.o
 .debug_info    0x00000000000002a0      0x4ef ./Core/Src/gpio.o
 .debug_info    0x000000000000078f      0xb99 ./Core/Src/main.o
 .debug_info    0x0000000000001328      0x7f9 ./Core/Src/software_timers.o
 .debug_info    0x0000000000001b21      0x308 ./Core/Src/stm32l4xx_hal_msp.o
 .debug_info    0x0000000000001e29      0x764 ./Core/Src/stm32l4xx_it.o
 .debug_info    0x000000000000258d      0x5c6 ./Core/Src/system_stm32l4xx.o
 .debug_info    0x0000000000002b53      0xc84 ./Core/Src/tim.o
 .debug_info    0x00000000000037d7      0xd51 ./Core/Src/usart.o
 .debug_info    0x0000000000004528       0x22 ./Core/Startup/startup_stm32l476rgtx.o
 .debug_info    0x000000000000454a      0xc57 ./Drivers/STM32L4xx_HAL_Driver/Src/stm32l4xx_hal.o
 .debug_info    0x00000000000051a1      0xe21 ./Drivers/STM32L4xx_HAL_Driver/Src/stm32l4xx_hal_cortex.o
 .debug_info    0x0000000000005fc2      0x821 ./Drivers/STM32L4xx_HAL_Driver/Src/stm32l4xx_hal_gpio.o
 .debug_info    0x00000000000067e3      0x9f0 ./Drivers/STM32L4xx_HAL_Driver/Src/stm32l4xx_hal_pwr_ex.o
 .debug_info    0x00000000000071d3      0xced ./Drivers/STM32L4xx_HAL_Driver/Src/stm32l4xx_hal_rcc.o
 .debug_info    0x0000000000007ec0      0xe92 ./Drivers/STM32L4xx_HAL_Driver/Src/stm32l4xx_hal_rcc_ex.o
 .debug_info    0x0000000000008d52     0x2d04 ./Drivers/STM32L4xx_HAL_Driver/Src/stm32l4xx_hal_tim.o
 .debug_info    0x000000000000ba56     0x17eb ./Drivers/STM32L4xx_HAL_Driver/Src/stm32l4xx_hal_tim_ex.o
 .debug_info    0x000000000000d241     0x3d0e ./Drivers/STM32L4xx_HAL_Driver/Src/stm32l4xx_hal_uart.o

.debug_abbrev   0x0000000000000000     0x23a5
 .debug_abbrev  0x0000000000000000      0x166 ./Core/Src/LED.o
 .debug_abbrev  0x0000000000000166      0x146 ./Core/Src/gpio.o
 .debug_abbrev  0x00000000000002ac      0x25d ./Core/Src/main.o
 .debug_abbrev  0x0000000000000509      0x180 ./Core/Src/software_timers.o
 .debug_abbrev  0x0000000000000689       0xc2 ./Core/Src/stm32l4xx_hal_msp.o
 .debug_abbrev  0x000000000000074b      0x184 ./Core/Src/stm32l4xx_it.o
 .debug_abbrev  0x00000000000008cf      0x116 ./Core/Src/system_stm32l4xx.o
 .debug_abbrev  0x00000000000009e5      0x1e7 ./Core/Src/tim.o
 .debug_abbrev  0x0000000000000bcc      0x1e7 ./Core/Src/usart.o
 .debug_abbrev  0x0000000000000db3       0x12 ./Core/Startup/startup_stm32l476rgtx.o
 .debug_abbrev  0x0000000000000dc5      0x23a ./Drivers/STM32L4xx_HAL_Driver/Src/stm32l4xx_hal.o
 .debug_abbrev  0x0000000000000fff      0x316 ./Drivers/STM32L4xx_HAL_Driver/Src/stm32l4xx_hal_cortex.o
 .debug_abbrev  0x0000000000001315      0x1bb ./Drivers/STM32L4xx_HAL_Driver/Src/stm32l4xx_hal_gpio.o
 .debug_abbrev  0x00000000000014d0      0x1f3 ./Drivers/STM32L4xx_HAL_Driver/Src/stm32l4xx_hal_pwr_ex.o
 .debug_abbrev  0x00000000000016c3      0x2bd ./Drivers/STM32L4xx_HAL_Driver/Src/stm32l4xx_hal_rcc.o
 .debug_abbrev  0x0000000000001980      0x299 ./Drivers/STM32L4xx_HAL_Driver/Src/stm32l4xx_hal_rcc_ex.o
 .debug_abbrev  0x0000000000001c19      0x264 ./Drivers/STM32L4xx_HAL_Driver/Src/stm32l4xx_hal_tim.o
 .debug_abbrev  0x0000000000001e7d      0x26c ./Drivers/STM32L4xx_HAL_Driver/Src/stm32l4xx_hal_tim_ex.o
 .debug_abbrev  0x00000000000020e9      0x2bc ./Drivers/STM32L4xx_HAL_Driver/Src/stm32l4xx_hal_uart.o

.debug_aranges  0x0000000000000000      0xeb0
 .debug_aranges
                0x0000000000000000       0x28 ./Core/Src/LED.o
 .debug_aranges
                0x0000000000000028       0x20 ./Core/Src/gpio.o
 .debug_aranges
                0x0000000000000048       0x38 ./Core/Src/main.o
 .debug_aranges
                0x0000000000000080       0x20 ./Core/Src/software_timers.o
 .debug_aranges
                0x00000000000000a0       0x20 ./Core/Src/stm32l4xx_hal_msp.o
 .debug_aranges
                0x00000000000000c0       0x68 ./Core/Src/stm32l4xx_it.o
 .debug_aranges
                0x0000000000000128       0x28 ./Core/Src/system_stm32l4xx.o
 .debug_aranges
                0x0000000000000150       0x30 ./Core/Src/tim.o
 .debug_aranges
                0x0000000000000180       0x30 ./Core/Src/usart.o
 .debug_aranges
                0x00000000000001b0       0x28 ./Core/Startup/startup_stm32l476rgtx.o
 .debug_aranges
                0x00000000000001d8      0x130 ./Drivers/STM32L4xx_HAL_Driver/Src/stm32l4xx_hal.o
 .debug_aranges
                0x0000000000000308      0x118 ./Drivers/STM32L4xx_HAL_Driver/Src/stm32l4xx_hal_cortex.o
 .debug_aranges
                0x0000000000000420       0x58 ./Drivers/STM32L4xx_HAL_Driver/Src/stm32l4xx_hal_gpio.o
 .debug_aranges
                0x0000000000000478      0x160 ./Drivers/STM32L4xx_HAL_Driver/Src/stm32l4xx_hal_pwr_ex.o
 .debug_aranges
                0x00000000000005d8       0x90 ./Drivers/STM32L4xx_HAL_Driver/Src/stm32l4xx_hal_rcc.o
 .debug_aranges
                0x0000000000000668       0xc0 ./Drivers/STM32L4xx_HAL_Driver/Src/stm32l4xx_hal_rcc_ex.o
 .debug_aranges
                0x0000000000000728      0x3e0 ./Drivers/STM32L4xx_HAL_Driver/Src/stm32l4xx_hal_tim.o
 .debug_aranges
                0x0000000000000b08      0x180 ./Drivers/STM32L4xx_HAL_Driver/Src/stm32l4xx_hal_tim_ex.o
 .debug_aranges
                0x0000000000000c88      0x228 ./Drivers/STM32L4xx_HAL_Driver/Src/stm32l4xx_hal_uart.o

.debug_ranges   0x0000000000000000      0xdb8
 .debug_ranges  0x0000000000000000       0x18 ./Core/Src/LED.o
 .debug_ranges  0x0000000000000018       0x10 ./Core/Src/gpio.o
 .debug_ranges  0x0000000000000028       0x28 ./Core/Src/main.o
 .debug_ranges  0x0000000000000050       0x10 ./Core/Src/software_timers.o
 .debug_ranges  0x0000000000000060       0x10 ./Core/Src/stm32l4xx_hal_msp.o
 .debug_ranges  0x0000000000000070       0x58 ./Core/Src/stm32l4xx_it.o
 .debug_ranges  0x00000000000000c8       0x18 ./Core/Src/system_stm32l4xx.o
 .debug_ranges  0x00000000000000e0       0x20 ./Core/Src/tim.o
 .debug_ranges  0x0000000000000100       0x20 ./Core/Src/usart.o
 .debug_ranges  0x0000000000000120       0x20 ./Core/Startup/startup_stm32l476rgtx.o
 .debug_ranges  0x0000000000000140      0x120 ./Drivers/STM32L4xx_HAL_Driver/Src/stm32l4xx_hal.o
 .debug_ranges  0x0000000000000260      0x108 ./Drivers/STM32L4xx_HAL_Driver/Src/stm32l4xx_hal_cortex.o
 .debug_ranges  0x0000000000000368       0x48 ./Drivers/STM32L4xx_HAL_Driver/Src/stm32l4xx_hal_gpio.o
 .debug_ranges  0x00000000000003b0      0x150 ./Drivers/STM32L4xx_HAL_Driver/Src/stm32l4xx_hal_pwr_ex.o
 .debug_ranges  0x0000000000000500       0x80 ./Drivers/STM32L4xx_HAL_Driver/Src/stm32l4xx_hal_rcc.o
 .debug_ranges  0x0000000000000580       0xb0 ./Drivers/STM32L4xx_HAL_Driver/Src/stm32l4xx_hal_rcc_ex.o
 .debug_ranges  0x0000000000000630      0x3d0 ./Drivers/STM32L4xx_HAL_Driver/Src/stm32l4xx_hal_tim.o
 .debug_ranges  0x0000000000000a00      0x170 ./Drivers/STM32L4xx_HAL_Driver/Src/stm32l4xx_hal_tim_ex.o
 .debug_ranges  0x0000000000000b70      0x248 ./Drivers/STM32L4xx_HAL_Driver/Src/stm32l4xx_hal_uart.o

.debug_macro    0x0000000000000000    0x26b79
 .debug_macro   0x0000000000000000      0x1f2 ./Core/Src/LED.o
 .debug_macro   0x00000000000001f2      0xa78 ./Core/Src/LED.o
 .debug_macro   0x0000000000000c6a      0x1ad ./Core/Src/LED.o
 .debug_macro   0x0000000000000e17       0x2e ./Core/Src/LED.o
 .debug_macro   0x0000000000000e45       0x28 ./Core/Src/LED.o
 .debug_macro   0x0000000000000e6d       0x22 ./Core/Src/LED.o
 .debug_macro   0x0000000000000e8f       0x8e ./Core/Src/LED.o
 .debug_macro   0x0000000000000f1d       0x51 ./Core/Src/LED.o
 .debug_macro   0x0000000000000f6e      0x103 ./Core/Src/LED.o
 .debug_macro   0x0000000000001071       0x6a ./Core/Src/LED.o
 .debug_macro   0x00000000000010db      0x1df ./Core/Src/LED.o
 .debug_macro   0x00000000000012ba       0x1c ./Core/Src/LED.o
 .debug_macro   0x00000000000012d6       0x22 ./Core/Src/LED.o
 .debug_macro   0x00000000000012f8       0xfb ./Core/Src/LED.o
 .debug_macro   0x00000000000013f3     0x1011 ./Core/Src/LED.o
 .debug_macro   0x0000000000002404      0x11f ./Core/Src/LED.o
 .debug_macro   0x0000000000002523    0x1a17a ./Core/Src/LED.o
 .debug_macro   0x000000000001c69d       0x6d ./Core/Src/LED.o
 .debug_macro   0x000000000001c70a     0x38e6 ./Core/Src/LED.o
 .debug_macro   0x000000000001fff0      0x174 ./Core/Src/LED.o
 .debug_macro   0x0000000000020164       0x5c ./Core/Src/LED.o
 .debug_macro   0x00000000000201c0     0x159e ./Core/Src/LED.o
 .debug_macro   0x000000000002175e      0x5a5 ./Core/Src/LED.o
 .debug_macro   0x0000000000021d03      0x1b9 ./Core/Src/LED.o
 .debug_macro   0x0000000000021ebc      0x18b ./Core/Src/LED.o
 .debug_macro   0x0000000000022047      0x26b ./Core/Src/LED.o
 .debug_macro   0x00000000000222b2      0x23d ./Core/Src/LED.o
 .debug_macro   0x00000000000224ef      0x241 ./Core/Src/LED.o
 .debug_macro   0x0000000000022730      0x37c ./Core/Src/LED.o
 .debug_macro   0x0000000000022aac       0xd6 ./Core/Src/LED.o
 .debug_macro   0x0000000000022b82      0x22c ./Core/Src/LED.o
 .debug_macro   0x0000000000022dae       0x61 ./Core/Src/LED.o
 .debug_macro   0x0000000000022e0f       0xa5 ./Core/Src/LED.o
 .debug_macro   0x0000000000022eb4      0x122 ./Core/Src/LED.o
 .debug_macro   0x0000000000022fd6      0x3ef ./Core/Src/LED.o
 .debug_macro   0x00000000000233c5      0xa91 ./Core/Src/LED.o
 .debug_macro   0x0000000000023e56      0x1e6 ./Core/Src/LED.o
 .debug_macro   0x000000000002403c      0x5ba ./Core/Src/LED.o
 .debug_macro   0x00000000000245f6       0x44 ./Core/Src/LED.o
 .debug_macro   0x000000000002463a      0x330 ./Core/Src/LED.o
 .debug_macro   0x000000000002496a       0xb8 ./Core/Src/LED.o
 .debug_macro   0x0000000000024a22      0x1f2 ./Core/Src/gpio.o
 .debug_macro   0x0000000000024c14      0x21e ./Core/Src/main.o
 .debug_macro   0x0000000000024e32      0x1f2 ./Core/Src/software_timers.o
 .debug_macro   0x0000000000025024      0x1e8 ./Core/Src/stm32l4xx_hal_msp.o
 .debug_macro   0x000000000002520c      0x1f2 ./Core/Src/stm32l4xx_it.o
 .debug_macro   0x00000000000253fe      0x1d9 ./Core/Src/system_stm32l4xx.o
 .debug_macro   0x00000000000255d7      0x1f2 ./Core/Src/tim.o
 .debug_macro   0x00000000000257c9      0x1f2 ./Core/Src/usart.o
 .debug_macro   0x00000000000259bb      0x227 ./Drivers/STM32L4xx_HAL_Driver/Src/stm32l4xx_hal.o
 .debug_macro   0x0000000000025be2      0x1d9 ./Drivers/STM32L4xx_HAL_Driver/Src/stm32l4xx_hal_cortex.o
 .debug_macro   0x0000000000025dbb      0x1e0 ./Drivers/STM32L4xx_HAL_Driver/Src/stm32l4xx_hal_gpio.o
 .debug_macro   0x0000000000025f9b      0x1fd ./Drivers/STM32L4xx_HAL_Driver/Src/stm32l4xx_hal_pwr_ex.o
 .debug_macro   0x0000000000026198      0x21b ./Drivers/STM32L4xx_HAL_Driver/Src/stm32l4xx_hal_rcc.o
 .debug_macro   0x00000000000263b3      0x20f ./Drivers/STM32L4xx_HAL_Driver/Src/stm32l4xx_hal_rcc_ex.o
 .debug_macro   0x00000000000265c2      0x1da ./Drivers/STM32L4xx_HAL_Driver/Src/stm32l4xx_hal_tim.o
 .debug_macro   0x000000000002679c      0x1d9 ./Drivers/STM32L4xx_HAL_Driver/Src/stm32l4xx_hal_tim_ex.o
 .debug_macro   0x0000000000026975      0x204 ./Drivers/STM32L4xx_HAL_Driver/Src/stm32l4xx_hal_uart.o

.debug_line     0x0000000000000000    0x12ba9
 .debug_line    0x0000000000000000      0x782 ./Core/Src/LED.o
 .debug_line    0x0000000000000782      0x799 ./Core/Src/gpio.o
 .debug_line    0x0000000000000f1b      0x8a3 ./Core/Src/main.o
 .debug_line    0x00000000000017be      0x83d ./Core/Src/software_timers.o
 .debug_line    0x0000000000001ffb      0x771 ./Core/Src/stm32l4xx_hal_msp.o
 .debug_line    0x000000000000276c      0x84c ./Core/Src/stm32l4xx_it.o
 .debug_line    0x0000000000002fb8      0x809 ./Core/Src/system_stm32l4xx.o
 .debug_line    0x00000000000037c1      0x7cc ./Core/Src/tim.o
 .debug_line    0x0000000000003f8d      0x7f3 ./Core/Src/usart.o
 .debug_line    0x0000000000004780       0x88 ./Core/Startup/startup_stm32l476rgtx.o
 .debug_line    0x0000000000004808      0xb62 ./Drivers/STM32L4xx_HAL_Driver/Src/stm32l4xx_hal.o
 .debug_line    0x000000000000536a      0xd08 ./Drivers/STM32L4xx_HAL_Driver/Src/stm32l4xx_hal_cortex.o
 .debug_line    0x0000000000006072      0xbd5 ./Drivers/STM32L4xx_HAL_Driver/Src/stm32l4xx_hal_gpio.o
 .debug_line    0x0000000000006c47      0xd59 ./Drivers/STM32L4xx_HAL_Driver/Src/stm32l4xx_hal_pwr_ex.o
 .debug_line    0x00000000000079a0      0xfdb ./Drivers/STM32L4xx_HAL_Driver/Src/stm32l4xx_hal_rcc.o
 .debug_line    0x000000000000897b     0x151a ./Drivers/STM32L4xx_HAL_Driver/Src/stm32l4xx_hal_rcc_ex.o
 .debug_line    0x0000000000009e95     0x3dce ./Drivers/STM32L4xx_HAL_Driver/Src/stm32l4xx_hal_tim.o
 .debug_line    0x000000000000dc63     0x1c67 ./Drivers/STM32L4xx_HAL_Driver/Src/stm32l4xx_hal_tim_ex.o
 .debug_line    0x000000000000f8ca     0x32df ./Drivers/STM32L4xx_HAL_Driver/Src/stm32l4xx_hal_uart.o

.debug_str      0x0000000000000000    0xf0613
 .debug_str     0x0000000000000000    0xebc9a ./Core/Src/LED.o
                                      0xebf40 (size before relaxing)
 .debug_str     0x00000000000ebc9a      0x1bb ./Core/Src/gpio.o
                                      0xec099 (size before relaxing)
 .debug_str     0x00000000000ebe55      0x717 ./Core/Src/main.o
                                      0xec6f9 (size before relaxing)
 .debug_str     0x00000000000ec56c       0x96 ./Core/Src/software_timers.o
                                      0xec439 (size before relaxing)
 .debug_str     0x00000000000ec602       0x2c ./Core/Src/stm32l4xx_hal_msp.o
                                      0xebfc9 (size before relaxing)
 .debug_str     0x00000000000ec62e       0xec ./Core/Src/stm32l4xx_it.o
                                      0xec43d (size before relaxing)
 .debug_str     0x00000000000ec71a       0xf2 ./Core/Src/system_stm32l4xx.o
                                      0xebe10 (size before relaxing)
 .debug_str     0x00000000000ec80c      0x569 ./Core/Src/tim.o
                                      0xecb0a (size before relaxing)
 .debug_str     0x00000000000ecd75      0x4c5 ./Core/Src/usart.o
                                      0xec79b (size before relaxing)
 .debug_str     0x00000000000ed23a       0x36 ./Core/Startup/startup_stm32l476rgtx.o
                                         0x70 (size before relaxing)
 .debug_str     0x00000000000ed270      0x6b1 ./Drivers/STM32L4xx_HAL_Driver/Src/stm32l4xx_hal.o
                                      0xeca0f (size before relaxing)
 .debug_str     0x00000000000ed921      0x31d ./Drivers/STM32L4xx_HAL_Driver/Src/stm32l4xx_hal_cortex.o
                                      0xec657 (size before relaxing)
 .debug_str     0x00000000000edc3e      0x110 ./Drivers/STM32L4xx_HAL_Driver/Src/stm32l4xx_hal_gpio.o
                                      0xebf89 (size before relaxing)
 .debug_str     0x00000000000edd4e      0x4e3 ./Drivers/STM32L4xx_HAL_Driver/Src/stm32l4xx_hal_pwr_ex.o
                                      0xec36b (size before relaxing)
 .debug_str     0x00000000000ee231      0x345 ./Drivers/STM32L4xx_HAL_Driver/Src/stm32l4xx_hal_rcc.o
                                      0xec456 (size before relaxing)
 .debug_str     0x00000000000ee576      0x3bf ./Drivers/STM32L4xx_HAL_Driver/Src/stm32l4xx_hal_rcc_ex.o
                                      0xec5cf (size before relaxing)
 .debug_str     0x00000000000ee935      0xe7a ./Drivers/STM32L4xx_HAL_Driver/Src/stm32l4xx_hal_tim.o
                                      0xed140 (size before relaxing)
 .debug_str     0x00000000000ef7af      0x588 ./Drivers/STM32L4xx_HAL_Driver/Src/stm32l4xx_hal_tim_ex.o
                                      0xeca64 (size before relaxing)
 .debug_str     0x00000000000efd37      0x8dc ./Drivers/STM32L4xx_HAL_Driver/Src/stm32l4xx_hal_uart.o
                                      0xecb40 (size before relaxing)

.comment        0x0000000000000000       0x50
 .comment       0x0000000000000000       0x50 ./Core/Src/LED.o
                                         0x51 (size before relaxing)
 .comment       0x0000000000000050       0x51 ./Core/Src/gpio.o
 .comment       0x0000000000000050       0x51 ./Core/Src/main.o
 .comment       0x0000000000000050       0x51 ./Core/Src/software_timers.o
 .comment       0x0000000000000050       0x51 ./Core/Src/stm32l4xx_hal_msp.o
 .comment       0x0000000000000050       0x51 ./Core/Src/stm32l4xx_it.o
 .comment       0x0000000000000050       0x51 ./Core/Src/system_stm32l4xx.o
 .comment       0x0000000000000050       0x51 ./Core/Src/tim.o
 .comment       0x0000000000000050       0x51 ./Core/Src/usart.o
 .comment       0x0000000000000050       0x51 ./Drivers/STM32L4xx_HAL_Driver/Src/stm32l4xx_hal.o
 .comment       0x0000000000000050       0x51 ./Drivers/STM32L4xx_HAL_Driver/Src/stm32l4xx_hal_cortex.o
 .comment       0x0000000000000050       0x51 ./Drivers/STM32L4xx_HAL_Driver/Src/stm32l4xx_hal_gpio.o
 .comment       0x0000000000000050       0x51 ./Drivers/STM32L4xx_HAL_Driver/Src/stm32l4xx_hal_pwr_ex.o
 .comment       0x0000000000000050       0x51 ./Drivers/STM32L4xx_HAL_Driver/Src/stm32l4xx_hal_rcc.o
 .comment       0x0000000000000050       0x51 ./Drivers/STM32L4xx_HAL_Driver/Src/stm32l4xx_hal_rcc_ex.o
 .comment       0x0000000000000050       0x51 ./Drivers/STM32L4xx_HAL_Driver/Src/stm32l4xx_hal_tim.o
 .comment       0x0000000000000050       0x51 ./Drivers/STM32L4xx_HAL_Driver/Src/stm32l4xx_hal_tim_ex.o
 .comment       0x0000000000000050       0x51 ./Drivers/STM32L4xx_HAL_Driver/Src/stm32l4xx_hal_uart.o

.debug_frame    0x0000000000000000     0x3c7c
 .debug_frame   0x0000000000000000       0x58 ./Core/Src/LED.o
 .debug_frame   0x0000000000000058       0x34 ./Core/Src/gpio.o
 .debug_frame   0x000000000000008c       0x90 ./Core/Src/main.o
 .debug_frame   0x000000000000011c       0x38 ./Core/Src/software_timers.o
 .debug_frame   0x0000000000000154       0x38 ./Core/Src/stm32l4xx_hal_msp.o
 .debug_frame   0x000000000000018c      0x120 ./Core/Src/stm32l4xx_it.o
 .debug_frame   0x00000000000002ac       0x58 ./Core/Src/system_stm32l4xx.o
 .debug_frame   0x0000000000000304       0x7c ./Core/Src/tim.o
 .debug_frame   0x0000000000000380       0x78 ./Core/Src/usart.o
 .debug_frame   0x00000000000003f8      0x498 ./Drivers/STM32L4xx_HAL_Driver/Src/stm32l4xx_hal.o
 .debug_frame   0x0000000000000890      0x498 ./Drivers/STM32L4xx_HAL_Driver/Src/stm32l4xx_hal_cortex.o
 .debug_frame   0x0000000000000d28      0x14c ./Drivers/STM32L4xx_HAL_Driver/Src/stm32l4xx_hal_gpio.o
 .debug_frame   0x0000000000000e74      0x584 ./Drivers/STM32L4xx_HAL_Driver/Src/stm32l4xx_hal_pwr_ex.o
 .debug_frame   0x00000000000013f8      0x21c ./Drivers/STM32L4xx_HAL_Driver/Src/stm32l4xx_hal_rcc.o
 .debug_frame   0x0000000000001614      0x2fc ./Drivers/STM32L4xx_HAL_Driver/Src/stm32l4xx_hal_rcc_ex.o
 .debug_frame   0x0000000000001910     0x121c ./Drivers/STM32L4xx_HAL_Driver/Src/stm32l4xx_hal_tim.o
 .debug_frame   0x0000000000002b2c      0x6b0 ./Drivers/STM32L4xx_HAL_Driver/Src/stm32l4xx_hal_tim_ex.o
 .debug_frame   0x00000000000031dc      0x9f4 ./Drivers/STM32L4xx_HAL_Driver/Src/stm32l4xx_hal_uart.o
 .debug_frame   0x0000000000003bd0       0x2c c:/programy_elektronika/st/stm32cubeide_1.10.0/stm32cubeide/plugins/com.st.stm32cube.ide.mcu.externaltools.gnu-tools-for-stm32.10.3-2021.10.win32_1.0.0.202111181127/tools/bin/../lib/gcc/arm-none-eabi/10.3.1/../../../../arm-none-eabi/lib/thumb/v7e-m+fp/hard\libc_nano.a(lib_a-init.o)
 .debug_frame   0x0000000000003bfc       0x20 c:/programy_elektronika/st/stm32cubeide_1.10.0/stm32cubeide/plugins/com.st.stm32cube.ide.mcu.externaltools.gnu-tools-for-stm32.10.3-2021.10.win32_1.0.0.202111181127/tools/bin/../lib/gcc/arm-none-eabi/10.3.1/../../../../arm-none-eabi/lib/thumb/v7e-m+fp/hard\libc_nano.a(lib_a-memset.o)
 .debug_frame   0x0000000000003c1c       0x2c c:/programy_elektronika/st/stm32cubeide_1.10.0/stm32cubeide/plugins/com.st.stm32cube.ide.mcu.externaltools.gnu-tools-for-stm32.10.3-2021.10.win32_1.0.0.202111181127/tools/bin/../lib/gcc/arm-none-eabi/10.3.1/thumb/v7e-m+fp/hard\libgcc.a(_aeabi_uldivmod.o)
 .debug_frame   0x0000000000003c48       0x34 c:/programy_elektronika/st/stm32cubeide_1.10.0/stm32cubeide/plugins/com.st.stm32cube.ide.mcu.externaltools.gnu-tools-for-stm32.10.3-2021.10.win32_1.0.0.202111181127/tools/bin/../lib/gcc/arm-none-eabi/10.3.1/thumb/v7e-m+fp/hard\libgcc.a(_udivmoddi4.o)
